2025-12-17 17:40:40,401 - Actor vehicle.ue4.mercedes.ccc -> Label 4 (car)
2025-12-17 17:40:40,412 - Actor vehicle.ue4.audi.tt -> Label 4 (car)
2025-12-17 17:40:40,413 - Actor vehicle.taxi.ford -> Label 4 (car)
2025-12-17 17:40:40,414 - Actor vehicle.dodge.charger -> Label 4 (car)
2025-12-17 17:40:46,775 - Actor vehicle.ue4.mercedes.ccc -> Label 4 (car)
2025-12-17 17:40:46,776 - Actor vehicle.ue4.audi.tt -> Label 4 (car)
2025-12-17 17:40:46,777 - Actor vehicle.taxi.ford -> Label 4 (car)
2025-12-17 17:40:46,777 - Actor vehicle.dodge.charger -> Label 4 (car)
2025-12-17 17:40:53,124 - Actor vehicle.ue4.mercedes.ccc -> Label 4 (car)
2025-12-17 17:40:53,125 - Actor vehicle.ue4.audi.tt -> Label 4 (car)
2025-12-17 17:40:53,136 - Actor vehicle.taxi.ford -> Label 4 (car)
2025-12-17 17:40:53,137 - Actor vehicle.dodge.charger -> Label 4 (car)
2025-12-17 17:40:59,442 - Actor vehicle.ue4.mercedes.ccc -> Label 4 (car)
2025-12-17 17:40:59,443 - Actor vehicle.ue4.audi.tt -> Label 4 (car)
2025-12-17 17:40:59,443 - Actor vehicle.taxi.ford -> Label 4 (car)
2025-12-17 17:40:59,443 - Actor vehicle.dodge.charger -> Label 4 (car)
2025-12-17 17:41:05,825 - Actor vehicle.ue4.mercedes.ccc -> Label 4 (car)
2025-12-17 17:41:05,826 - Actor vehicle.ue4.audi.tt -> Label 4 (car)
2025-12-17 17:41:05,826 - Actor vehicle.taxi.ford -> Label 4 (car)
2025-12-17 17:41:05,827 - Actor vehicle.dodge.charger -> Label 4 (car)
2025-12-17 20:26:19,155 - Actor vehicle.sprinter.mercedes -> Label 10 (truck)
2025-12-17 20:26:19,156 - Actor vehicle.ue4.audi.tt -> Label 4 (car)
2025-12-17 20:26:19,157 - Actor vehicle.ue4.mercedes.ccc -> Label 4 (car)
2025-12-17 20:26:19,158 - Actor vehicle.mini.cooper -> Label 4 (car)
2025-12-17 20:26:21,165 - Actor vehicle.sprinter.mercedes -> Label 10 (truck)
2025-12-17 20:26:21,165 - Actor vehicle.ue4.audi.tt -> Label 4 (car)
2025-12-17 20:26:21,165 - Actor vehicle.ue4.mercedes.ccc -> Label 4 (car)
2025-12-17 20:26:21,166 - Actor vehicle.mini.cooper -> Label 4 (car)
2025-12-17 20:26:23,060 - Actor vehicle.sprinter.mercedes -> Label 10 (truck)
2025-12-17 20:26:23,061 - Actor vehicle.ue4.audi.tt -> Label 4 (car)
2025-12-17 20:26:23,061 - Actor vehicle.ue4.mercedes.ccc -> Label 4 (car)
2025-12-17 20:26:23,061 - Actor vehicle.mini.cooper -> Label 4 (car)
2025-12-17 20:26:25,004 - Actor vehicle.sprinter.mercedes -> Label 10 (truck)
2025-12-17 20:26:25,005 - Actor vehicle.ue4.audi.tt -> Label 4 (car)
2025-12-17 20:26:25,005 - Actor vehicle.ue4.mercedes.ccc -> Label 4 (car)
2025-12-17 20:26:25,006 - Actor vehicle.mini.cooper -> Label 4 (car)
2025-12-17 20:26:26,878 - Actor vehicle.sprinter.mercedes -> Label 10 (truck)
2025-12-17 20:26:26,878 - Actor vehicle.ue4.audi.tt -> Label 4 (car)
2025-12-17 20:26:26,878 - Actor vehicle.ue4.mercedes.ccc -> Label 4 (car)
2025-12-17 20:26:26,880 - Actor vehicle.mini.cooper -> Label 4 (car)
